---
source: crates/ruff_linter/src/rules/airflow/mod.rs
---
AIR301_airflow_plugin.py:7:5: AIR301 (airflow3-removal) `operators` is removed in Airflow 3.0
  |
5 |     name = "test_plugin"
6 |     # --- Invalid extensions start
7 |     operators = [PluginOperator]
  |     ^^^^^^^^^ AIR301 (airflow3-removal)
8 |     sensors = [PluginSensorOperator]
9 |     hooks = [PluginHook]
  |
  = help: This extension should just be imported as a regular python module.

AIR301_airflow_plugin.py:8:5: AIR301 (airflow3-removal) `sensors` is removed in Airflow 3.0
   |
 6 |     # --- Invalid extensions start
 7 |     operators = [PluginOperator]
 8 |     sensors = [PluginSensorOperator]
   |     ^^^^^^^ AIR301 (airflow3-removal)
 9 |     hooks = [PluginHook]
10 |     executors = [PluginExecutor]
   |
   = help: This extension should just be imported as a regular python module.

AIR301_airflow_plugin.py:9:5: AIR301 (airflow3-removal) `hooks` is removed in Airflow 3.0
   |
 7 |     operators = [PluginOperator]
 8 |     sensors = [PluginSensorOperator]
 9 |     hooks = [PluginHook]
   |     ^^^^^ AIR301 (airflow3-removal)
10 |     executors = [PluginExecutor]
11 |     # --- Invalid extensions end
   |
   = help: This extension should just be imported as a regular python module.

AIR301_airflow_plugin.py:10:5: AIR301 (airflow3-removal) `executors` is removed in Airflow 3.0
   |
 8 |     sensors = [PluginSensorOperator]
 9 |     hooks = [PluginHook]
10 |     executors = [PluginExecutor]
   |     ^^^^^^^^^ AIR301 (airflow3-removal)
11 |     # --- Invalid extensions end
12 |     macros = [plugin_macro]
   |
   = help: This extension should just be imported as a regular python module.
