---
source: crates/ruff_linter/src/rules/pydocstyle/mod.rs
---
D215.py:3:5: D215 (overindented-section-underline) [*] Section underline is over-indented ("TODO")
  |
1 | """
2 | TODO:
3 |     -
  |     ^ D215 (overindented-section-underline)
4 | """
  |
  = help: Remove over-indentation from "TODO" underline

ℹ Safe fix
1 1 | """
2 2 | TODO:
3   |-    -
  3 |+
4 4 | """
